// Vitest Snapshot v1, https://vitest.dev/guide/snapshot.html

exports[`functional simulation characterization > reproduces a deterministic run 1`] = `
{
  "1": {
    "counts": {
      "blues": 2,
      "greens": 2,
      "reds": 2,
    },
    "replicators": [
      {
        "age": 0,
        "energy": 0.666,
        "firing": [
          false,
          false,
          false,
          false,
          false,
          false,
          false,
          false,
          false,
          false,
          false,
          false,
          false,
          false,
          false,
          false,
        ],
        "pos": [
          215.4,
          123.23,
        ],
        "potentials": [
          0,
          0,
          0,
          0,
          0,
          0,
          0,
          0,
          0,
          0,
          0,
          0,
          0,
          0,
          0,
          0,
        ],
        "rotation": 0,
        "type": "predator",
        "vel": [
          0,
          0,
        ],
      },
      {
        "age": 0,
        "energy": 0.666,
        "firing": [
          false,
          false,
          false,
          false,
          false,
          false,
          false,
          false,
          false,
          false,
          false,
          false,
          false,
          false,
          false,
          false,
        ],
        "pos": [
          -188.74,
          144.84,
        ],
        "potentials": [
          0,
          0,
          0,
          0,
          0,
          0,
          0,
          0,
          0,
          0,
          0,
          0,
          0,
          0,
          0,
          0,
        ],
        "rotation": 0,
        "type": "predator",
        "vel": [
          0,
          0,
        ],
      },
      {
        "age": 0,
        "energy": 0.666,
        "firing": [
          false,
          false,
          false,
          false,
          false,
          false,
          false,
          false,
          false,
          false,
          false,
          false,
          false,
          false,
          false,
          false,
        ],
        "pos": [
          302.99,
          -333.78,
        ],
        "potentials": [
          0,
          0,
          0,
          0,
          0,
          0,
          0,
          0,
          0,
          0,
          0,
          0,
          0,
          0,
          0,
          0,
        ],
        "rotation": 0,
        "type": "prey",
        "vel": [
          0,
          0,
        ],
      },
      {
        "age": 0,
        "energy": 0.666,
        "firing": [
          false,
          false,
          false,
          false,
          false,
          false,
          false,
          false,
          false,
          false,
          false,
          false,
          false,
          false,
          false,
          false,
        ],
        "pos": [
          28.59,
          412.67,
        ],
        "potentials": [
          0,
          0,
          0,
          0,
          0,
          0,
          0,
          0,
          0,
          0,
          0,
          0,
          0,
          0,
          0,
          0,
        ],
        "rotation": 0,
        "type": "prey",
        "vel": [
          0,
          0,
        ],
      },
      {
        "age": 0,
        "energy": 0.666,
        "firing": [
          false,
          false,
          false,
          false,
          false,
          false,
          false,
          false,
          false,
          false,
          false,
          false,
          false,
          false,
          false,
          false,
        ],
        "pos": [
          192.68,
          -322.56,
        ],
        "potentials": [
          0,
          0,
          0,
          0,
          0,
          0,
          0,
          0,
          0,
          0,
          0,
          0,
          0,
          0,
          0,
          0,
        ],
        "rotation": 0,
        "type": "blue",
        "vel": [
          0,
          0,
        ],
      },
      {
        "age": 0,
        "energy": 0.666,
        "firing": [
          false,
          false,
          false,
          false,
          false,
          false,
          false,
          false,
          false,
          false,
          false,
          false,
          false,
          false,
          false,
          false,
        ],
        "pos": [
          342.44,
          249.73,
        ],
        "potentials": [
          0,
          0,
          0,
          0,
          0,
          0,
          0,
          0,
          0,
          0,
          0,
          0,
          0,
          0,
          0,
          0,
        ],
        "rotation": 0,
        "type": "blue",
        "vel": [
          0,
          0,
        ],
      },
    ],
    "totalEnergy": 3.996,
  },
  "30": {
    "counts": {
      "blues": 2,
      "greens": 2,
      "reds": 2,
    },
    "replicators": [
      {
        "age": 0.9667,
        "energy": 0.6612,
        "firing": [
          false,
          true,
          true,
          false,
          false,
          true,
          true,
          false,
          false,
          true,
          true,
          false,
          false,
          false,
          true,
          false,
        ],
        "pos": [
          215.4,
          123.23,
        ],
        "potentials": [
          0.7079,
          0.4444,
          0.7222,
          0,
          0.7638,
          0.2778,
          0.6667,
          0,
          0.6841,
          0.3889,
          0.7778,
          0,
          0.8528,
          0,
          0.5,
          0,
        ],
        "rotation": 0,
        "type": "predator",
        "vel": [
          0,
          -0,
        ],
      },
      {
        "age": 0.9667,
        "energy": 0.6612,
        "firing": [
          false,
          false,
          false,
          false,
          false,
          false,
          false,
          false,
          false,
          false,
          false,
          false,
          false,
          false,
          false,
          false,
        ],
        "pos": [
          -188.74,
          144.84,
        ],
        "potentials": [
          0.4433,
          0.4433,
          0.4433,
          0.4433,
          0.4433,
          0.4433,
          0.4433,
          0.4433,
          0.4433,
          0.4433,
          0.4433,
          0.4433,
          0,
          0.4433,
          0.4433,
          0.4433,
        ],
        "rotation": 0,
        "type": "predator",
        "vel": [
          0,
          -0,
        ],
      },
      {
        "age": 0.9667,
        "energy": 0.6631,
        "firing": [
          false,
          false,
          false,
          false,
          false,
          false,
          false,
          false,
          false,
          false,
          false,
          false,
          false,
          false,
          false,
          false,
        ],
        "pos": [
          302.99,
          -333.78,
        ],
        "potentials": [
          0,
          0,
          0,
          0,
          0,
          0,
          0,
          0,
          0,
          0,
          0,
          0,
          0,
          0,
          0,
          0,
        ],
        "rotation": 0,
        "type": "prey",
        "vel": [
          0,
          -0,
        ],
      },
      {
        "age": 0.9667,
        "energy": 0.6631,
        "firing": [
          false,
          false,
          false,
          false,
          false,
          false,
          false,
          false,
          false,
          false,
          false,
          false,
          false,
          false,
          false,
          false,
        ],
        "pos": [
          28.59,
          412.67,
        ],
        "potentials": [
          0,
          0,
          0,
          0,
          0,
          0,
          0,
          0,
          0,
          0,
          0,
          0,
          0,
          0,
          0,
          0,
        ],
        "rotation": 0,
        "type": "prey",
        "vel": [
          0,
          -0,
        ],
      },
      {
        "age": 0.9667,
        "energy": 0.6602,
        "firing": [
          false,
          false,
          false,
          false,
          false,
          false,
          true,
          false,
          false,
          false,
          true,
          false,
          false,
          false,
          false,
          true,
        ],
        "pos": [
          192.68,
          -322.56,
        ],
        "potentials": [
          0,
          0,
          0.5943,
          0,
          0.0659,
          0.0766,
          0.6111,
          0,
          0,
          0.1799,
          0.2778,
          0,
          0.0305,
          0,
          0,
          0.3333,
        ],
        "rotation": 0,
        "type": "blue",
        "vel": [
          0,
          -0,
        ],
      },
      {
        "age": 0.9667,
        "energy": 0.6602,
        "firing": [
          false,
          false,
          false,
          false,
          false,
          false,
          false,
          false,
          false,
          false,
          false,
          false,
          false,
          false,
          false,
          false,
        ],
        "pos": [
          342.44,
          249.73,
        ],
        "potentials": [
          0,
          0,
          0,
          0,
          0,
          0,
          0,
          0,
          0,
          0,
          0,
          0,
          0,
          0,
          0,
          0,
        ],
        "rotation": 0,
        "type": "blue",
        "vel": [
          0,
          -0,
        ],
      },
    ],
    "totalEnergy": 3.9689,
  },
  "300": {
    "counts": {
      "blues": 2,
      "greens": 2,
      "reds": 2,
    },
    "replicators": [
      {
        "age": 9.9667,
        "energy": 0.6162,
        "firing": [
          true,
          false,
          true,
          false,
          true,
          false,
          true,
          false,
          true,
          false,
          true,
          false,
          true,
          false,
          false,
          false,
        ],
        "pos": [
          215.4,
          123.23,
        ],
        "potentials": [
          0.8333,
          0,
          0.2222,
          0,
          0.8333,
          0,
          0.2222,
          0,
          0.8333,
          0,
          0.2222,
          0,
          0.3889,
          0,
          0,
          0,
        ],
        "rotation": 0,
        "type": "predator",
        "vel": [
          0,
          0.01,
        ],
      },
      {
        "age": 9.9667,
        "energy": 0.6162,
        "firing": [
          false,
          false,
          false,
          false,
          false,
          false,
          false,
          false,
          false,
          false,
          false,
          false,
          false,
          false,
          false,
          false,
        ],
        "pos": [
          -188.74,
          144.84,
        ],
        "potentials": [
          0.7643,
          0.7643,
          0.7643,
          0.7643,
          0.7643,
          0.7643,
          0.7643,
          0.7643,
          0.7643,
          0.7643,
          0.7643,
          0.7643,
          0,
          0.7643,
          0.7643,
          0.7643,
        ],
        "rotation": 0,
        "type": "predator",
        "vel": [
          0,
          -0,
        ],
      },
      {
        "age": 9.9667,
        "energy": 0.6361,
        "firing": [
          false,
          false,
          false,
          false,
          false,
          false,
          false,
          false,
          false,
          false,
          false,
          false,
          false,
          false,
          false,
          false,
        ],
        "pos": [
          302.99,
          -333.78,
        ],
        "potentials": [
          0,
          0,
          0,
          0,
          0,
          0,
          0,
          0,
          0,
          0,
          0,
          0,
          0,
          0,
          0,
          0,
        ],
        "rotation": 0,
        "type": "prey",
        "vel": [
          0,
          -0,
        ],
      },
      {
        "age": 9.9667,
        "energy": 0.6361,
        "firing": [
          false,
          false,
          false,
          false,
          false,
          false,
          false,
          false,
          false,
          false,
          false,
          false,
          false,
          false,
          false,
          false,
        ],
        "pos": [
          28.59,
          412.67,
        ],
        "potentials": [
          0,
          0,
          0,
          0,
          0,
          0,
          0,
          0,
          0,
          0,
          0,
          0,
          0,
          0,
          0,
          0,
        ],
        "rotation": 0,
        "type": "prey",
        "vel": [
          0,
          -0,
        ],
      },
      {
        "age": 9.9667,
        "energy": 0.6062,
        "firing": [
          false,
          false,
          true,
          false,
          false,
          false,
          true,
          false,
          false,
          false,
          false,
          false,
          false,
          false,
          false,
          false,
        ],
        "pos": [
          192.68,
          -322.56,
        ],
        "potentials": [
          0,
          0,
          0.9444,
          0.0635,
          0.0893,
          0.406,
          0.0556,
          0,
          0,
          0.0243,
          0.8803,
          0,
          0,
          0,
          0,
          0.6216,
        ],
        "rotation": 0,
        "type": "blue",
        "vel": [
          0,
          -0,
        ],
      },
      {
        "age": 9.9667,
        "energy": 0.6062,
        "firing": [
          false,
          false,
          false,
          false,
          false,
          false,
          false,
          false,
          false,
          false,
          false,
          false,
          false,
          false,
          false,
          false,
        ],
        "pos": [
          342.44,
          249.73,
        ],
        "potentials": [
          0,
          0,
          0,
          0,
          0,
          0,
          0,
          0,
          0,
          0,
          0,
          0,
          0,
          0,
          0,
          0,
        ],
        "rotation": 0,
        "type": "blue",
        "vel": [
          0,
          -0,
        ],
      },
    ],
    "totalEnergy": 3.7169,
  },
  "90": {
    "counts": {
      "blues": 2,
      "greens": 2,
      "reds": 2,
    },
    "replicators": [
      {
        "age": 2.9667,
        "energy": 0.6512,
        "firing": [
          true,
          false,
          false,
          false,
          true,
          false,
          false,
          false,
          true,
          false,
          false,
          false,
          true,
          false,
          false,
          false,
        ],
        "pos": [
          215.4,
          123.23,
        ],
        "potentials": [
          0.3889,
          0.1945,
          0,
          0,
          0.3889,
          0.1817,
          0,
          0,
          0.3889,
          0.1643,
          0,
          0,
          0.1111,
          0,
          0.2787,
          0.0091,
        ],
        "rotation": 0,
        "type": "predator",
        "vel": [
          0,
          0,
        ],
      },
      {
        "age": 2.9667,
        "energy": 0.6512,
        "firing": [
          false,
          false,
          false,
          false,
          false,
          false,
          false,
          false,
          false,
          false,
          false,
          false,
          false,
          false,
          false,
          false,
        ],
        "pos": [
          -188.74,
          144.84,
        ],
        "potentials": [
          0.0917,
          0.0917,
          0.0917,
          0.0917,
          0.0917,
          0.0917,
          0.0917,
          0.0917,
          0.0917,
          0.0917,
          0.0917,
          0.0917,
          0,
          0.0917,
          0.0917,
          0.0917,
        ],
        "rotation": 0,
        "type": "predator",
        "vel": [
          0,
          -0,
        ],
      },
      {
        "age": 2.9667,
        "energy": 0.6571,
        "firing": [
          false,
          false,
          false,
          false,
          false,
          false,
          false,
          false,
          false,
          false,
          false,
          false,
          false,
          false,
          false,
          false,
        ],
        "pos": [
          302.99,
          -333.78,
        ],
        "potentials": [
          0,
          0,
          0,
          0,
          0,
          0,
          0,
          0,
          0,
          0,
          0,
          0,
          0,
          0,
          0,
          0,
        ],
        "rotation": 0,
        "type": "prey",
        "vel": [
          0,
          -0,
        ],
      },
      {
        "age": 2.9667,
        "energy": 0.6571,
        "firing": [
          false,
          false,
          false,
          false,
          false,
          false,
          false,
          false,
          false,
          false,
          false,
          false,
          false,
          false,
          false,
          false,
        ],
        "pos": [
          28.59,
          412.67,
        ],
        "potentials": [
          0,
          0,
          0,
          0,
          0,
          0,
          0,
          0,
          0,
          0,
          0,
          0,
          0,
          0,
          0,
          0,
        ],
        "rotation": 0,
        "type": "prey",
        "vel": [
          0,
          -0,
        ],
      },
      {
        "age": 2.9667,
        "energy": 0.6482,
        "firing": [
          false,
          false,
          true,
          false,
          false,
          false,
          true,
          false,
          false,
          false,
          true,
          false,
          false,
          false,
          false,
          true,
        ],
        "pos": [
          192.68,
          -322.56,
        ],
        "potentials": [
          0,
          0.0773,
          0.4444,
          0,
          0,
          0.2249,
          0.6111,
          0,
          0,
          0,
          0.3889,
          0,
          0.0909,
          0,
          0,
          0.5,
        ],
        "rotation": 0,
        "type": "blue",
        "vel": [
          0,
          -0,
        ],
      },
      {
        "age": 2.9667,
        "energy": 0.6482,
        "firing": [
          false,
          false,
          false,
          false,
          false,
          false,
          false,
          false,
          false,
          false,
          false,
          false,
          false,
          false,
          false,
          false,
        ],
        "pos": [
          342.44,
          249.73,
        ],
        "potentials": [
          0,
          0,
          0,
          0,
          0,
          0,
          0,
          0,
          0,
          0,
          0,
          0,
          0,
          0,
          0,
          0,
        ],
        "rotation": 0,
        "type": "blue",
        "vel": [
          0,
          -0,
        ],
      },
    ],
    "totalEnergy": 3.9129,
  },
}
`;
